
> vite-react-typescript-starter@0.0.0 build
> vite build

vite v5.4.8 building for production...
transforming...
Browserslist: caniuse-lite is outdated. Please run:
  npx update-browserslist-db@latest
  Why you should do it regularly: https://github.com/browserslist/update-db#readme
✓ 3 modules transformed.
x Build failed in 2.24s
error during build:
[vite:esbuild] Transform failed with 1 error:
/home/project/src/App.tsx:177:10: ERROR: Expected ")" but found "user"
file: /home/project/src/App.tsx:177:10

Expected ")" but found "user"
175|        {showProfileMenu && isAuthenticated && (
176|          <ProfileMenu onClose={handleCloseProfileMenu} />
177|            user={user}
   |            ^
178|            onLogout={handleLogout}
179|          />

    at failureErrorWithLog (/home/project/node_modules/esbuild/lib/main.js:1462:15)
    at eval (/home/project/node_modules/esbuild/lib/main.js:745:50)
    at responseCallbacks.<computed> (/home/project/node_modules/esbuild/lib/main.js:612:9)
    at handleIncomingPacket (/home/project/node_modules/esbuild/lib/main.js:667:12)
    at Socket.readFromStdout (/home/project/node_modules/esbuild/lib/main.js:590:7)
    at Socket.emit (node:events:30:11034)
    at addChunk (node:internal/streams/readable:230:3174)
    at readableAddChunkPushByteMode (node:internal/streams/readable:230:6158)
    at Readable.push (node:internal/streams/readable:230:6192)
    at _0x3f7385.onStreamRead (node:internal/stream_base_commons:216:2625)
